// Jest Snapshot v1, https://goo.gl/fbAQLP

exports[`Cart Page renders properly 1`] = `
<div
  className="Cart container"
>
  <section
    className="Cart__empty"
  >
    <i
      className="material-icons"
    >
      shopping_cart
    </i>
    <p
      className="Cart__empty__message"
    >
      Seu carrinho está vazio.
    </p>
  </section>
</div>
`;
