// Jest Snapshot v1, https://goo.gl/fbAQLP

exports[`Header renders properly 1`] = `
<div
  className="Header"
>
  <nav
    className="container px-3 px-sm-0 Header__block"
  >
    <NavbarBrand
      className="Header__title"
      href="/"
      tag="a"
    >
      Bookstore
    </NavbarBrand>
    <Nav
      className="Header__links"
      tag="ul"
    >
      <NavItem
        tag="li"
      >
        <div
          className="Header__links__wrapper"
        >
          <i
            className="Header__links__wrapper__icon material-icons"
          >
            shopping_cart
          </i>
          <div
            className="Header__links__wrapper__priceContainer"
          >
            <p
              className="Header__links__wrapper__priceContainer__amount"
            >
               livros
            </p>
            <NumberFormat
              allowNegative={true}
              className="Header__links__wrapper__priceContainer__price"
              decimalPrecision={2}
              decimalSeparator=","
              displayType="text"
              isAllowed={[Function]}
              onChange={[Function]}
              onKeyDown={[Function]}
              onMouseUp={[Function]}
              prefix="R$ "
              suffix=""
              type="text"
            />
          </div>
        </div>
      </NavItem>
    </Nav>
  </nav>
</div>
`;
