// Jest Snapshot v1, https://goo.gl/fbAQLP

exports[`Header renders properly 1`] = `
<div
  className="Header"
>
  <nav
    className="container Header__block"
  >
    <NavbarBrand
      className="Header__title"
      href="/"
      tag="a"
    >
      Bookstore
    </NavbarBrand>
    <Nav
      className="Header__links"
      tag="ul"
    >
      <NavItem
        tag="li"
      >
        <NavLink
          tag="a"
        >
          <i
            className="Header__links__icon material-icons"
          >
            shopping_cart
          </i>
        </NavLink>
      </NavItem>
    </Nav>
  </nav>
</div>
`;
